// Vitest Snapshot v1, https://vitest.dev/guide/snapshot.html

exports[`UiSlider > works 1`] = `
<div
  className="tabula_ui_slider__b6eibh0"
/>
`;
