// Vitest Snapshot v1, https://vitest.dev/guide/snapshot.html

exports[`UiAiChat > works 1`] = `
<div
  className="tabula_ui_ai_chat__1s3oa240"
/>
`;
