// Vitest Snapshot v1, https://vitest.dev/guide/snapshot.html

exports[`UiMultiSelector > works 1`] = `
<div
  className="tabula_ui_multi_selector__1qbeoj00"
/>
`;
