// Vitest Snapshot v1, https://vitest.dev/guide/snapshot.html

exports[`UiTag > works 1`] = `
<div
  className="tabula_ui_tag__mkxsid0"
/>
`;
