// Vitest Snapshot v1, https://vitest.dev/guide/snapshot.html

exports[`UiSwitch > works 1`] = `
<div
  className="tabula_ui_switch__n7w6ao0"
/>
`;
