// Vitest Snapshot v1, https://vitest.dev/guide/snapshot.html

exports[`UiDatePicker > works 1`] = `
<div
  className="tabula_ui_date_picker__1uj5ens0 "
/>
`;
