// Vitest Snapshot v1, https://vitest.dev/guide/snapshot.html

exports[`UiStatusBadge > works 1`] = `
<div
  className="tabula_ui_status_badge__tc627p0"
/>
`;
