// Vitest Snapshot v1, https://vitest.dev/guide/snapshot.html

exports[`UiMenu > works 1`] = `
<div
  className="tabula_ui_menu__1lykdcq0"
/>
`;
