// Vitest Snapshot v1, https://vitest.dev/guide/snapshot.html

exports[`UiSelector > works 1`] = `
<div
  className="tabula_ui_selector__1r2c28e0"
/>
`;
